Archive member included to satisfy reference by file (symbol)

d:/microchip studio/7.0/toolchain/avr8/avr8-gnu-toolchain/bin/../lib/gcc/avr/5.4.0/avr5\libgcc.a(_exit.o)
                              D:/Microchip Studio/7.0/Packs/atmel/ATmega_DFP/1.7.374/gcc/dev/atmega32/avr5/crtatmega32.o (exit)
d:/microchip studio/7.0/toolchain/avr8/avr8-gnu-toolchain/bin/../lib/gcc/avr/5.4.0/avr5\libgcc.a(_clear_bss.o)
                              Application/Application.o (__do_clear_bss)

Discarded input sections

 .data          0x00000000        0x0 D:/Microchip Studio/7.0/Packs/atmel/ATmega_DFP/1.7.374/gcc/dev/atmega32/avr5/crtatmega32.o
 .bss           0x00000000        0x0 D:/Microchip Studio/7.0/Packs/atmel/ATmega_DFP/1.7.374/gcc/dev/atmega32/avr5/crtatmega32.o
 .text          0x00000000        0x0 Application/Application.o
 .data          0x00000000        0x0 Application/Application.o
 .bss           0x00000000        0x0 Application/Application.o
 .bss.PedModeSwitch
                0x00000000        0x1 Application/Application.o
 .text          0x00000000        0x0 ECUAL/Button/Button.o
 .data          0x00000000        0x0 ECUAL/Button/Button.o
 .bss           0x00000000        0x0 ECUAL/Button/Button.o
 .text.Button_init
                0x00000000        0x8 ECUAL/Button/Button.o
 .text.Button_read
                0x00000000        0x6 ECUAL/Button/Button.o
 .debug_info    0x00000000      0x132 ECUAL/Button/Button.o
 .debug_abbrev  0x00000000       0xa7 ECUAL/Button/Button.o
 .debug_loc     0x00000000       0x84 ECUAL/Button/Button.o
 .debug_aranges
                0x00000000       0x28 ECUAL/Button/Button.o
 .debug_ranges  0x00000000       0x18 ECUAL/Button/Button.o
 .debug_line    0x00000000       0xd6 ECUAL/Button/Button.o
 .debug_str     0x00000000      0x1fb ECUAL/Button/Button.o
 .comment       0x00000000       0x31 ECUAL/Button/Button.o
 .debug_frame   0x00000000       0x34 ECUAL/Button/Button.o
 .text          0x00000000        0x0 ECUAL/LED/LED.o
 .data          0x00000000        0x0 ECUAL/LED/LED.o
 .bss           0x00000000        0x0 ECUAL/LED/LED.o
 .text.LEDTestFunctionOn
                0x00000000      0x202 ECUAL/LED/LED.o
 .text.LEDTestFunctionOff
                0x00000000      0x202 ECUAL/LED/LED.o
 .text.LEDTestFunctionToggle
                0x00000000      0x202 ECUAL/LED/LED.o
 .text          0x00000000        0x0 main.o
 .data          0x00000000        0x0 main.o
 .bss           0x00000000        0x0 main.o
 .text.ButtonTestFunction
                0x00000000       0x30 main.o
 .text          0x00000000        0x0 MCAL/DIO Driver/DIO.o
 .data          0x00000000        0x0 MCAL/DIO Driver/DIO.o
 .bss           0x00000000        0x0 MCAL/DIO Driver/DIO.o
 .text.digitalRead
                0x00000000       0xba MCAL/DIO Driver/DIO.o
 .text.DIOTestFunctionForOutput
                0x00000000      0x282 MCAL/DIO Driver/DIO.o
 .text.DIOTestFunctionForInputA
                0x00000000      0x132 MCAL/DIO Driver/DIO.o
 .text.DIOTestFunctionForInputB
                0x00000000      0x132 MCAL/DIO Driver/DIO.o
 .text.DIOTestFunctionForInputC
                0x00000000      0x132 MCAL/DIO Driver/DIO.o
 .text.DIOTestFunctionForInputD
                0x00000000      0x132 MCAL/DIO Driver/DIO.o
 .text.DIOTestFunctionToggle
                0x00000000      0x242 MCAL/DIO Driver/DIO.o
 .text          0x00000000        0x0 MCAL/Interrupt/Interrupt.o
 .data          0x00000000        0x0 MCAL/Interrupt/Interrupt.o
 .bss           0x00000000        0x0 MCAL/Interrupt/Interrupt.o
 .text.InterruptTestFunction
                0x00000000        0xa MCAL/Interrupt/Interrupt.o
 .text          0x00000000        0x0 MCAL/Timer/Timer.o
 .data          0x00000000        0x0 MCAL/Timer/Timer.o
 .bss           0x00000000        0x0 MCAL/Timer/Timer.o
 .text.TimerTestFunction
                0x00000000       0x12 MCAL/Timer/Timer.o
 .text          0x00000000        0x0 d:/microchip studio/7.0/toolchain/avr8/avr8-gnu-toolchain/bin/../lib/gcc/avr/5.4.0/avr5\libgcc.a(_exit.o)
 .data          0x00000000        0x0 d:/microchip studio/7.0/toolchain/avr8/avr8-gnu-toolchain/bin/../lib/gcc/avr/5.4.0/avr5\libgcc.a(_exit.o)
 .bss           0x00000000        0x0 d:/microchip studio/7.0/toolchain/avr8/avr8-gnu-toolchain/bin/../lib/gcc/avr/5.4.0/avr5\libgcc.a(_exit.o)
 .text.libgcc.mul
                0x00000000        0x0 d:/microchip studio/7.0/toolchain/avr8/avr8-gnu-toolchain/bin/../lib/gcc/avr/5.4.0/avr5\libgcc.a(_exit.o)
 .text.libgcc.div
                0x00000000        0x0 d:/microchip studio/7.0/toolchain/avr8/avr8-gnu-toolchain/bin/../lib/gcc/avr/5.4.0/avr5\libgcc.a(_exit.o)
 .text.libgcc   0x00000000        0x0 d:/microchip studio/7.0/toolchain/avr8/avr8-gnu-toolchain/bin/../lib/gcc/avr/5.4.0/avr5\libgcc.a(_exit.o)
 .text.libgcc.prologue
                0x00000000        0x0 d:/microchip studio/7.0/toolchain/avr8/avr8-gnu-toolchain/bin/../lib/gcc/avr/5.4.0/avr5\libgcc.a(_exit.o)
 .text.libgcc.builtins
                0x00000000        0x0 d:/microchip studio/7.0/toolchain/avr8/avr8-gnu-toolchain/bin/../lib/gcc/avr/5.4.0/avr5\libgcc.a(_exit.o)
 .text.libgcc.fmul
                0x00000000        0x0 d:/microchip studio/7.0/toolchain/avr8/avr8-gnu-toolchain/bin/../lib/gcc/avr/5.4.0/avr5\libgcc.a(_exit.o)
 .text.libgcc.fixed
                0x00000000        0x0 d:/microchip studio/7.0/toolchain/avr8/avr8-gnu-toolchain/bin/../lib/gcc/avr/5.4.0/avr5\libgcc.a(_exit.o)
 .text          0x00000000        0x0 d:/microchip studio/7.0/toolchain/avr8/avr8-gnu-toolchain/bin/../lib/gcc/avr/5.4.0/avr5\libgcc.a(_clear_bss.o)
 .data          0x00000000        0x0 d:/microchip studio/7.0/toolchain/avr8/avr8-gnu-toolchain/bin/../lib/gcc/avr/5.4.0/avr5\libgcc.a(_clear_bss.o)
 .bss           0x00000000        0x0 d:/microchip studio/7.0/toolchain/avr8/avr8-gnu-toolchain/bin/../lib/gcc/avr/5.4.0/avr5\libgcc.a(_clear_bss.o)
 .text.libgcc.mul
                0x00000000        0x0 d:/microchip studio/7.0/toolchain/avr8/avr8-gnu-toolchain/bin/../lib/gcc/avr/5.4.0/avr5\libgcc.a(_clear_bss.o)
 .text.libgcc.div
                0x00000000        0x0 d:/microchip studio/7.0/toolchain/avr8/avr8-gnu-toolchain/bin/../lib/gcc/avr/5.4.0/avr5\libgcc.a(_clear_bss.o)
 .text.libgcc   0x00000000        0x0 d:/microchip studio/7.0/toolchain/avr8/avr8-gnu-toolchain/bin/../lib/gcc/avr/5.4.0/avr5\libgcc.a(_clear_bss.o)
 .text.libgcc.prologue
                0x00000000        0x0 d:/microchip studio/7.0/toolchain/avr8/avr8-gnu-toolchain/bin/../lib/gcc/avr/5.4.0/avr5\libgcc.a(_clear_bss.o)
 .text.libgcc.builtins
                0x00000000        0x0 d:/microchip studio/7.0/toolchain/avr8/avr8-gnu-toolchain/bin/../lib/gcc/avr/5.4.0/avr5\libgcc.a(_clear_bss.o)
 .text.libgcc.fmul
                0x00000000        0x0 d:/microchip studio/7.0/toolchain/avr8/avr8-gnu-toolchain/bin/../lib/gcc/avr/5.4.0/avr5\libgcc.a(_clear_bss.o)
 .text.libgcc.fixed
                0x00000000        0x0 d:/microchip studio/7.0/toolchain/avr8/avr8-gnu-toolchain/bin/../lib/gcc/avr/5.4.0/avr5\libgcc.a(_clear_bss.o)

Memory Configuration

Name             Origin             Length             Attributes
text             0x00000000         0x00008000         xr
data             0x00800060         0x00000800         rw !x
eeprom           0x00810000         0x00000400         rw !x
fuse             0x00820000         0x00000002         rw !x
lock             0x00830000         0x00000400         rw !x
signature        0x00840000         0x00000400         rw !x
user_signatures  0x00850000         0x00000400         rw !x
*default*        0x00000000         0xffffffff

Linker script and memory map

LOAD D:/Microchip Studio/7.0/Packs/atmel/ATmega_DFP/1.7.374/gcc/dev/atmega32/avr5/crtatmega32.o
LOAD Application/Application.o
LOAD ECUAL/Button/Button.o
LOAD ECUAL/LED/LED.o
LOAD main.o
LOAD MCAL/DIO Driver/DIO.o
LOAD MCAL/Interrupt/Interrupt.o
LOAD MCAL/Timer/Timer.o
START GROUP
LOAD d:/microchip studio/7.0/toolchain/avr8/avr8-gnu-toolchain/bin/../lib/gcc/avr/5.4.0/../../../../avr/lib/avr5\libm.a
END GROUP
START GROUP
LOAD d:/microchip studio/7.0/toolchain/avr8/avr8-gnu-toolchain/bin/../lib/gcc/avr/5.4.0/avr5\libgcc.a
LOAD d:/microchip studio/7.0/toolchain/avr8/avr8-gnu-toolchain/bin/../lib/gcc/avr/5.4.0/../../../../avr/lib/avr5\libm.a
LOAD d:/microchip studio/7.0/toolchain/avr8/avr8-gnu-toolchain/bin/../lib/gcc/avr/5.4.0/../../../../avr/lib/avr5\libc.a
LOAD D:/Microchip Studio/7.0/Packs/atmel/ATmega_DFP/1.7.374/gcc/dev/atmega32/avr5\libatmega32.a
END GROUP
                0x00000000                __TEXT_REGION_ORIGIN__ = DEFINED (__TEXT_REGION_ORIGIN__)?__TEXT_REGION_ORIGIN__:0x0
                [0x00800060]                __DATA_REGION_ORIGIN__ = DEFINED (__DATA_REGION_ORIGIN__)?__DATA_REGION_ORIGIN__:0x800060
                [0x00008000]                __TEXT_REGION_LENGTH__ = DEFINED (__TEXT_REGION_LENGTH__)?__TEXT_REGION_LENGTH__:0x20000
                [0x00000800]                __DATA_REGION_LENGTH__ = DEFINED (__DATA_REGION_LENGTH__)?__DATA_REGION_LENGTH__:0xffa0
                [0x00000400]                __EEPROM_REGION_LENGTH__ = DEFINED (__EEPROM_REGION_LENGTH__)?__EEPROM_REGION_LENGTH__:0x10000
                [0x00000002]                __FUSE_REGION_LENGTH__ = DEFINED (__FUSE_REGION_LENGTH__)?__FUSE_REGION_LENGTH__:0x400
                0x00000400                __LOCK_REGION_LENGTH__ = DEFINED (__LOCK_REGION_LENGTH__)?__LOCK_REGION_LENGTH__:0x400
                0x00000400                __SIGNATURE_REGION_LENGTH__ = DEFINED (__SIGNATURE_REGION_LENGTH__)?__SIGNATURE_REGION_LENGTH__:0x400
                0x00000400                __USER_SIGNATURE_REGION_LENGTH__ = DEFINED (__USER_SIGNATURE_REGION_LENGTH__)?__USER_SIGNATURE_REGION_LENGTH__:0x400

.hash
 *(.hash)

.dynsym
 *(.dynsym)

.dynstr
 *(.dynstr)

.gnu.version
 *(.gnu.version)

.gnu.version_d
 *(.gnu.version_d)

.gnu.version_r
 *(.gnu.version_r)

.rel.init
 *(.rel.init)

.rela.init
 *(.rela.init)

.rel.text
 *(.rel.text)
 *(.rel.text.*)
 *(.rel.gnu.linkonce.t*)

.rela.text
 *(.rela.text)
 *(.rela.text.*)
 *(.rela.gnu.linkonce.t*)

.rel.fini
 *(.rel.fini)

.rela.fini
 *(.rela.fini)

.rel.rodata
 *(.rel.rodata)
 *(.rel.rodata.*)
 *(.rel.gnu.linkonce.r*)

.rela.rodata
 *(.rela.rodata)
 *(.rela.rodata.*)
 *(.rela.gnu.linkonce.r*)

.rel.data
 *(.rel.data)
 *(.rel.data.*)
 *(.rel.gnu.linkonce.d*)

.rela.data
 *(.rela.data)
 *(.rela.data.*)
 *(.rela.gnu.linkonce.d*)

.rel.ctors
 *(.rel.ctors)

.rela.ctors
 *(.rela.ctors)

.rel.dtors
 *(.rel.dtors)

.rela.dtors
 *(.rela.dtors)

.rel.got
 *(.rel.got)

.rela.got
 *(.rela.got)

.rel.bss
 *(.rel.bss)

.rela.bss
 *(.rela.bss)

.rel.plt
 *(.rel.plt)

.rela.plt
 *(.rela.plt)

.text           0x00000000      0x964
 *(.vectors)
 .vectors       0x00000000       0x54 D:/Microchip Studio/7.0/Packs/atmel/ATmega_DFP/1.7.374/gcc/dev/atmega32/avr5/crtatmega32.o
                0x00000000                __vector_default
                0x00000000                __vectors
 *(.vectors)
 *(.progmem.gcc*)
                0x00000054                . = ALIGN (0x2)
                0x00000054                __trampolines_start = .
 *(.trampolines)
 .trampolines   0x00000054        0x0 linker stubs
 *(.trampolines*)
                0x00000054                __trampolines_end = .
 *libprintf_flt.a:*(.progmem.data)
 *libc.a:*(.progmem.data)
 *(.progmem*)
                0x00000054                . = ALIGN (0x2)
 *(.jumptables)
 *(.jumptables*)
 *(.lowtext)
 *(.lowtext*)
                0x00000054                __ctors_start = .
 *(.ctors)
                0x00000054                __ctors_end = .
                0x00000054                __dtors_start = .
 *(.dtors)
                0x00000054                __dtors_end = .
 SORT(*)(.ctors)
 SORT(*)(.dtors)
 *(.init0)
 .init0         0x00000054        0x0 D:/Microchip Studio/7.0/Packs/atmel/ATmega_DFP/1.7.374/gcc/dev/atmega32/avr5/crtatmega32.o
                0x00000054                __init
 *(.init0)
 *(.init1)
 *(.init1)
 *(.init2)
 .init2         0x00000054        0xc D:/Microchip Studio/7.0/Packs/atmel/ATmega_DFP/1.7.374/gcc/dev/atmega32/avr5/crtatmega32.o
 *(.init2)
 *(.init3)
 *(.init3)
 *(.init4)
 .init4         0x00000060       0x10 d:/microchip studio/7.0/toolchain/avr8/avr8-gnu-toolchain/bin/../lib/gcc/avr/5.4.0/avr5\libgcc.a(_clear_bss.o)
                0x00000060                __do_clear_bss
 *(.init4)
 *(.init5)
 *(.init5)
 *(.init6)
 *(.init6)
 *(.init7)
 *(.init7)
 *(.init8)
 *(.init8)
 *(.init9)
 .init9         0x00000070        0x8 D:/Microchip Studio/7.0/Packs/atmel/ATmega_DFP/1.7.374/gcc/dev/atmega32/avr5/crtatmega32.o
 *(.init9)
 *(.text)
 .text          0x00000078        0x4 D:/Microchip Studio/7.0/Packs/atmel/ATmega_DFP/1.7.374/gcc/dev/atmega32/avr5/crtatmega32.o
                0x00000078                __vector_12
                0x00000078                __bad_interrupt
                0x00000078                __vector_6
                0x00000078                __vector_3
                0x00000078                __vector_13
                0x00000078                __vector_17
                0x00000078                __vector_19
                0x00000078                __vector_7
                0x00000078                __vector_5
                0x00000078                __vector_4
                0x00000078                __vector_9
                0x00000078                __vector_2
                0x00000078                __vector_15
                0x00000078                __vector_8
                0x00000078                __vector_14
                0x00000078                __vector_10
                0x00000078                __vector_16
                0x00000078                __vector_18
                0x00000078                __vector_20
                0x0000007c                . = ALIGN (0x2)
 *(.text.*)
 .text.AppInit  0x0000007c       0x4a Application/Application.o
                0x0000007c                AppInit
 .text.AppStart
                0x000000c6      0x3e4 Application/Application.o
                0x000000c6                AppStart
 .text.__vector_1
                0x000004aa       0x1e Application/Application.o
                0x000004aa                __vector_1
 .text.__vector_11
                0x000004c8       0x62 Application/Application.o
                0x000004c8                __vector_11
 .text.LED_init
                0x0000052a        0x8 ECUAL/LED/LED.o
                0x0000052a                LED_init
 .text.LED_on   0x00000532        0x8 ECUAL/LED/LED.o
                0x00000532                LED_on
 .text.LED_off  0x0000053a        0x8 ECUAL/LED/LED.o
                0x0000053a                LED_off
 .text.LED_toggle
                0x00000542        0x6 ECUAL/LED/LED.o
                0x00000542                LED_toggle
 .text.main     0x00000548        0xa main.o
                0x00000548                main
 .text.pinMode  0x00000552       0xf0 MCAL/DIO Driver/DIO.o
                0x00000552                pinMode
 .text.digitalWrite
                0x00000642       0xf0 MCAL/DIO Driver/DIO.o
                0x00000642                digitalWrite
 .text.digitalToggle
                0x00000732       0x6e MCAL/DIO Driver/DIO.o
                0x00000732                digitalToggle
 .text.ExternalInterrupt_init
                0x000007a0       0x34 MCAL/Interrupt/Interrupt.o
                0x000007a0                ExternalInterrupt_init
 .text.PrescaleTimer
                0x000007d4       0xa2 MCAL/Timer/Timer.o
                0x000007d4                PrescaleTimer
 .text.Timer_initialValue
                0x00000876        0xe MCAL/Timer/Timer.o
                0x00000876                Timer_initialValue
 .text.Timer0_init
                0x00000884       0x8a MCAL/Timer/Timer.o
                0x00000884                Timer0_init
 .text.Timer_init
                0x0000090e       0x12 MCAL/Timer/Timer.o
                0x0000090e                Timer_init
 .text.TimerStop
                0x00000920       0x1e MCAL/Timer/Timer.o
                0x00000920                TimerStop
 .text.TimerStart
                0x0000093e       0x22 MCAL/Timer/Timer.o
                0x0000093e                TimerStart
                0x00000960                . = ALIGN (0x2)
 *(.fini9)
 .fini9         0x00000960        0x0 d:/microchip studio/7.0/toolchain/avr8/avr8-gnu-toolchain/bin/../lib/gcc/avr/5.4.0/avr5\libgcc.a(_exit.o)
                0x00000960                _exit
                0x00000960                exit
 *(.fini9)
 *(.fini8)
 *(.fini8)
 *(.fini7)
 *(.fini7)
 *(.fini6)
 *(.fini6)
 *(.fini5)
 *(.fini5)
 *(.fini4)
 *(.fini4)
 *(.fini3)
 *(.fini3)
 *(.fini2)
 *(.fini2)
 *(.fini1)
 *(.fini1)
 *(.fini0)
 .fini0         0x00000960        0x4 d:/microchip studio/7.0/toolchain/avr8/avr8-gnu-toolchain/bin/../lib/gcc/avr/5.4.0/avr5\libgcc.a(_exit.o)
 *(.fini0)
                0x00000964                _etext = .

.data           0x00800060        0x0 load address 0x00000964
                [!provide]                PROVIDE (__data_start, .)
 *(.data)
 *(.data*)
 *(.gnu.linkonce.d*)
 *(.rodata)
 *(.rodata*)
 *(.gnu.linkonce.r*)
                0x00800060                . = ALIGN (0x2)
                0x00800060                _edata = .
                [!provide]                PROVIDE (__data_end, .)

.bss            0x00800060        0x5
                0x00800060                PROVIDE (__bss_start, .)
 *(.bss)
 *(.bss*)
 .bss.RedLEDFlag
                0x00800060        0x1 Application/Application.o
                0x00800060                RedLEDFlag
 .bss.YellowLEDFlag
                0x00800061        0x1 Application/Application.o
                0x00800061                YellowLEDFlag
 .bss.GreenLEDFlag
                0x00800062        0x1 Application/Application.o
                0x00800062                GreenLEDFlag
 .bss.Overflows
                0x00800063        0x1 Application/Application.o
                0x00800063                Overflows
 .bss.PedMode   0x00800064        0x1 Application/Application.o
                0x00800064                PedMode
 *(COMMON)
                0x00800065                PROVIDE (__bss_end, .)
                0x00000964                __data_load_start = LOADADDR (.data)
                0x00000964                __data_load_end = (__data_load_start + SIZEOF (.data))

.noinit         0x00800065        0x0
                [!provide]                PROVIDE (__noinit_start, .)
 *(.noinit*)
                [!provide]                PROVIDE (__noinit_end, .)
                0x00800065                _end = .
                [!provide]                PROVIDE (__heap_start, .)

.eeprom         0x00810000        0x0
 *(.eeprom*)
                0x00810000                __eeprom_end = .

.fuse
 *(.fuse)
 *(.lfuse)
 *(.hfuse)
 *(.efuse)

.lock
 *(.lock*)

.signature
 *(.signature*)

.user_signatures
 *(.user_signatures*)

.stab
 *(.stab)

.stabstr
 *(.stabstr)

.stab.excl
 *(.stab.excl)

.stab.exclstr
 *(.stab.exclstr)

.stab.index
 *(.stab.index)

.stab.indexstr
 *(.stab.indexstr)

.comment        0x00000000       0x30
 *(.comment)
 .comment       0x00000000       0x30 Application/Application.o
                                 0x31 (size before relaxing)
 .comment       0x00000030       0x31 ECUAL/LED/LED.o
 .comment       0x00000030       0x31 main.o
 .comment       0x00000030       0x31 MCAL/DIO Driver/DIO.o
 .comment       0x00000030       0x31 MCAL/Interrupt/Interrupt.o
 .comment       0x00000030       0x31 MCAL/Timer/Timer.o

.note.gnu.avr.deviceinfo
                0x00000000       0x3c
 .note.gnu.avr.deviceinfo
                0x00000000       0x3c D:/Microchip Studio/7.0/Packs/atmel/ATmega_DFP/1.7.374/gcc/dev/atmega32/avr5/crtatmega32.o

.note.gnu.build-id
 *(.note.gnu.build-id)

.debug
 *(.debug)

.line
 *(.line)

.debug_srcinfo
 *(.debug_srcinfo)

.debug_sfnames
 *(.debug_sfnames)

.debug_aranges  0x00000000      0x190
 *(.debug_aranges)
 .debug_aranges
                0x00000000       0x38 Application/Application.o
 .debug_aranges
                0x00000038       0x50 ECUAL/LED/LED.o
 .debug_aranges
                0x00000088       0x28 main.o
 .debug_aranges
                0x000000b0       0x68 MCAL/DIO Driver/DIO.o
 .debug_aranges
                0x00000118       0x28 MCAL/Interrupt/Interrupt.o
 .debug_aranges
                0x00000140       0x50 MCAL/Timer/Timer.o

.debug_pubnames
 *(.debug_pubnames)

.debug_info     0x00000000     0x484a
 *(.debug_info .gnu.linkonce.wi.*)
 .debug_info    0x00000000      0x4e6 D:/Microchip Studio/7.0/Packs/atmel/ATmega_DFP/1.7.374/gcc/dev/atmega32/avr5/crtatmega32.o
 .debug_info    0x000004e6      0xab1 Application/Application.o
 .debug_info    0x00000f97     0x14e9 ECUAL/LED/LED.o
 .debug_info    0x00002480      0x181 main.o
 .debug_info    0x00002601     0x1e16 MCAL/DIO Driver/DIO.o
 .debug_info    0x00004417       0xce MCAL/Interrupt/Interrupt.o
 .debug_info    0x000044e5      0x365 MCAL/Timer/Timer.o

.debug_abbrev   0x00000000      0x933
 *(.debug_abbrev)
 .debug_abbrev  0x00000000      0x4a3 D:/Microchip Studio/7.0/Packs/atmel/ATmega_DFP/1.7.374/gcc/dev/atmega32/avr5/crtatmega32.o
 .debug_abbrev  0x000004a3       0xed Application/Application.o
 .debug_abbrev  0x00000590       0xb0 ECUAL/LED/LED.o
 .debug_abbrev  0x00000640       0xa2 main.o
 .debug_abbrev  0x000006e2       0xee MCAL/DIO Driver/DIO.o
 .debug_abbrev  0x000007d0       0x9e MCAL/Interrupt/Interrupt.o
 .debug_abbrev  0x0000086e       0xc5 MCAL/Timer/Timer.o

.debug_line     0x00000000     0x15ff
 *(.debug_line .debug_line.* .debug_line_end)
 .debug_line    0x00000000      0x116 D:/Microchip Studio/7.0/Packs/atmel/ATmega_DFP/1.7.374/gcc/dev/atmega32/avr5/crtatmega32.o
 .debug_line    0x00000116      0x46c Application/Application.o
 .debug_line    0x00000582      0x5a4 ECUAL/LED/LED.o
 .debug_line    0x00000b26       0xeb main.o
 .debug_line    0x00000c11      0x7c9 MCAL/DIO Driver/DIO.o
 .debug_line    0x000013da       0xc9 MCAL/Interrupt/Interrupt.o
 .debug_line    0x000014a3      0x15c MCAL/Timer/Timer.o

.debug_frame    0x00000000      0x2f4
 *(.debug_frame)
 .debug_frame   0x00000000       0xb4 Application/Application.o
 .debug_frame   0x000000b4       0x84 ECUAL/LED/LED.o
 .debug_frame   0x00000138       0x34 main.o
 .debug_frame   0x0000016c       0xb4 MCAL/DIO Driver/DIO.o
 .debug_frame   0x00000220       0x34 MCAL/Interrupt/Interrupt.o
 .debug_frame   0x00000254       0xa0 MCAL/Timer/Timer.o

.debug_str      0x00000000      0x660
 *(.debug_str)
 .debug_str     0x00000000      0x196 D:/Microchip Studio/7.0/Packs/atmel/ATmega_DFP/1.7.374/gcc/dev/atmega32/avr5/crtatmega32.o
 .debug_str     0x00000196      0x27d Application/Application.o
                                0x296 (size before relaxing)
 .debug_str     0x00000413       0x80 ECUAL/LED/LED.o
                                0x244 (size before relaxing)
 .debug_str     0x00000493       0x3c main.o
                                0x1fe (size before relaxing)
 .debug_str     0x000004cf       0xd4 MCAL/DIO Driver/DIO.o
                                0x2a3 (size before relaxing)
 .debug_str     0x000005a3       0x4b MCAL/Interrupt/Interrupt.o
                                0x203 (size before relaxing)
 .debug_str     0x000005ee       0x72 MCAL/Timer/Timer.o
                                0x23e (size before relaxing)

.debug_loc      0x00000000      0x9b2
 *(.debug_loc)
 .debug_loc     0x00000000      0x1c4 Application/Application.o
 .debug_loc     0x000001c4      0x108 ECUAL/LED/LED.o
 .debug_loc     0x000002cc      0x2e0 MCAL/DIO Driver/DIO.o
 .debug_loc     0x000005ac       0x3a MCAL/Interrupt/Interrupt.o
 .debug_loc     0x000005e6      0x3cc MCAL/Timer/Timer.o

.debug_macinfo
 *(.debug_macinfo)

.debug_weaknames
 *(.debug_weaknames)

.debug_funcnames
 *(.debug_funcnames)

.debug_typenames
 *(.debug_typenames)

.debug_varnames
 *(.debug_varnames)

.debug_pubtypes
 *(.debug_pubtypes)

.debug_ranges   0x00000000      0x130
 *(.debug_ranges)
 .debug_ranges  0x00000000       0x28 Application/Application.o
 .debug_ranges  0x00000028       0x40 ECUAL/LED/LED.o
 .debug_ranges  0x00000068       0x18 main.o
 .debug_ranges  0x00000080       0x58 MCAL/DIO Driver/DIO.o
 .debug_ranges  0x000000d8       0x18 MCAL/Interrupt/Interrupt.o
 .debug_ranges  0x000000f0       0x40 MCAL/Timer/Timer.o

.debug_macro
 *(.debug_macro)
OUTPUT(TrafficLightProject.elf elf32-avr)
LOAD linker stubs
